coups chargés: 230
indices de progression visibles (mobile): []
Traceback (most recent call last):
  File "e2e/qa/analysis/t4_concurrency.py", line 41, in <module>
    print("Bilan désactivé:", page.get_by_role("button", name="★ Bilan").is_disabled())
                              ^^^^^^^^^^^^^^^^^^^^^^^^^^^^^^^^^^^^^^^^^^^^^^^^^^^^^^^^
  File "~/anaconda3/lib/python3.11/site-packages/playwright/sync_api/_generated.py", line 17112, in is_disabled
    self._sync(self._impl_obj.is_disabled(timeout=timeout))
  File "~/anaconda3/lib/python3.11/site-packages/playwright/_impl/_sync_base.py", line 115, in _sync
    return task.result()
           ^^^^^^^^^^^^^
  File "~/anaconda3/lib/python3.11/site-packages/playwright/_impl/_locator.py", line 482, in is_disabled
    return await self._frame.is_disabled(
           ^^^^^^^^^^^^^^^^^^^^^^^^^^^^^^
  File "~/anaconda3/lib/python3.11/site-packages/playwright/_impl/_frame.py", line 384, in is_disabled
    return await self._channel.send(
           ^^^^^^^^^^^^^^^^^^^^^^^^^
  File "~/anaconda3/lib/python3.11/site-packages/playwright/_impl/_connection.py", line 69, in send
    return await self._connection.wrap_api_call(
           ^^^^^^^^^^^^^^^^^^^^^^^^^^^^^^^^^^^^^
  File "~/anaconda3/lib/python3.11/site-packages/playwright/_impl/_connection.py", line 559, in wrap_api_call
    raise rewrite_error(error, f"{parsed_st['apiName']}: {error}") from None
playwright._impl._errors.TimeoutError: Locator.is_disabled: Timeout 30000ms exceeded.
Call log:
  - waiting for get_by_role("button", name="★ Bilan")

